// Jest Snapshot v1, https://goo.gl/fbAQLP

exports[`ScrollToTop Should renders correctly 1`] = `
<DocumentFragment>
  <div
    class="sc-bdfBwQ ktVQHD"
  />
</DocumentFragment>
`;
